\BOOKMARK [0][-]{init.0}{\376\377\000F\000r\000o\000n\000t\000\040\000P\000a\000g\000e}{}% 1
\BOOKMARK [0][-]{contents.0}{\376\377\000T\000a\000b\000l\000e\000\040\000o\000f\000\040\000C\000o\000n\000t\000e\000n\000t\000s}{}% 2
\BOOKMARK [0][-]{figures.0}{\376\377\000L\000i\000s\000t\000\040\000o\000f\000\040\000F\000i\000g\000u\000r\000e\000s}{}% 3
\BOOKMARK [0][-]{tables.0}{\376\377\000L\000i\000s\000t\000\040\000o\000f\000\040\000T\000a\000b\000l\000e\000s}{}% 4
\BOOKMARK [0][-]{chapter.1}{\376\377\0001\000\040\000I\000n\000t\000r\000o\000d\000u\000c\000t\000i\000o\000n}{}% 5
\BOOKMARK [1][-]{section.1.1}{\376\377\0001\000.\0001\000\040\000C\000o\000n\000t\000e\000x\000t\000u\000a\000l\000i\000z\000a\000t\000i\000o\000n}{chapter.1}% 6
\BOOKMARK [1][-]{section.1.2}{\376\377\0001\000.\0002\000\040\000D\000e\000v\000e\000l\000o\000p\000e\000d\000\040\000P\000r\000o\000j\000e\000c\000t}{chapter.1}% 7
\BOOKMARK [1][-]{section.1.3}{\376\377\0001\000.\0003\000\040\000M\000o\000t\000i\000v\000a\000t\000i\000o\000n}{chapter.1}% 8
\BOOKMARK [1][-]{section.1.4}{\376\377\0001\000.\0004\000\040\000T\000h\000e\000s\000i\000s\000\040\000S\000t\000r\000u\000c\000t\000u\000r\000e}{chapter.1}% 9
\BOOKMARK [0][-]{chapter.2}{\376\377\0002\000\040\000L\000i\000t\000e\000r\000a\000t\000u\000r\000e\000\040\000R\000e\000v\000i\000e\000w}{}% 10
\BOOKMARK [1][-]{section.2.1}{\376\377\0002\000.\0001\000\040\000V\000i\000s\000u\000a\000l\000i\000z\000a\000t\000i\000o\000n\000\040\000T\000y\000p\000e\000s}{chapter.2}% 11
\BOOKMARK [2][-]{subsection.2.1.1}{\376\377\0002\000.\0001\000.\0001\000\040\000S\000h\000e\000e\000t\000\040\000M\000u\000s\000i\000c\000\040\000a\000n\000d\000\040\000S\000c\000o\000r\000e\000\040\000I\000m\000a\000g\000e\000s}{section.2.1}% 12
\BOOKMARK [2][-]{subsection.2.1.2}{\376\377\0002\000.\0001\000.\0002\000\040\000S\000y\000m\000b\000o\000l\000i\000c\000\040\000R\000e\000p\000r\000e\000s\000e\000n\000t\000a\000t\000i\000o\000n\000s}{section.2.1}% 13
\BOOKMARK [2][-]{subsection.2.1.3}{\376\377\0002\000.\0001\000.\0003\000\040\000A\000u\000d\000i\000o\000\040\000R\000e\000p\000r\000e\000s\000e\000n\000t\000a\000t\000i\000o\000n\000s}{section.2.1}% 14
\BOOKMARK [1][-]{section.2.2}{\376\377\0002\000.\0002\000\040\000M\000I\000R\000\040\000V\000i\000s\000u\000a\000l\000i\000z\000a\000t\000i\000o\000n\000\040\000T\000o\000o\000l\000s}{chapter.2}% 15
\BOOKMARK [1][-]{section.2.3}{\376\377\0002\000.\0003\000\040\000A\000u\000d\000i\000o\000-\000t\000o\000-\000S\000c\000o\000r\000e\000\040\000A\000l\000i\000g\000n\000m\000e\000n\000t}{chapter.2}% 16
\BOOKMARK [1][-]{section.2.4}{\376\377\0002\000.\0004\000\040\000S\000u\000m\000m\000a\000r\000y}{chapter.2}% 17
\BOOKMARK [0][-]{chapter.3}{\376\377\0003\000\040\000D\000e\000v\000e\000l\000o\000p\000e\000d\000\040\000S\000o\000l\000u\000t\000i\000o\000n}{}% 18
\BOOKMARK [1][-]{section.3.1}{\376\377\0003\000.\0001\000\040\000T\000h\000e\000\040\000P\000r\000o\000b\000l\000e\000m\000\040\000a\000n\000d\000\040\000o\000u\000r\000\040\000S\000o\000l\000u\000t\000i\000o\000n}{chapter.3}% 19
\BOOKMARK [1][-]{section.3.2}{\376\377\0003\000.\0002\000\040\000D\000e\000v\000e\000l\000o\000p\000e\000d\000\040\000I\000t\000e\000r\000a\000t\000i\000o\000n\000s}{chapter.3}% 20
\BOOKMARK [2][-]{subsection.3.2.1}{\376\377\0003\000.\0002\000.\0001\000\040\000B\000e\000a\000t\000M\000a\000p\000J\000S}{section.3.2}% 21
\BOOKMARK [2][-]{subsection.3.2.2}{\376\377\0003\000.\0002\000.\0002\000\040\000M\000E\000I\000-\000B\000a\000s\000i\000c\000-\000E\000d\000i\000t}{section.3.2}% 22
\BOOKMARK [2][-]{subsection.3.2.3}{\376\377\0003\000.\0002\000.\0003\000\040\000B\000e\000a\000t\000P\000r\000e\000c\000i\000s\000i\000o\000n\000,\000\040\000a\000\040\000P\000P\000\040\000f\000o\000r\000k}{section.3.2}% 23
\BOOKMARK [2][-]{subsection.3.2.4}{\376\377\0003\000.\0002\000.\0004\000\040\000S\000c\000o\000r\000e\000-\000A\000l\000i\000g\000n\000m\000e\000n\000t\000.\000p\000y}{section.3.2}% 24
\BOOKMARK [2][-]{subsection.3.2.5}{\376\377\0003\000.\0002\000.\0005\000\040\000S\000c\000o\000r\000e\000-\000A\000l\00